{"logTime": "0506/033752", "correlationVector":"TtQOlfRHnLYktiHPJ6dF7U.1","action":"SyncServerConnectionManagerRequest", "result":"SYNC_SERVER_OK", "context":{"environment":"Prod_germanywestcentral_prod-s01-010-eur-germanywestcentral", "migrationStage":"NotStarted", "server":"akswtt00100000f"}}
{"logTime": "0506/033752", "correlationVector":"TtQOlfRHnLYktiHPJ6dF7U.2","action":"ProcessGetUpdates", "result":"Done", "context":{"dataType":"Encryption Keys", "deleted":"0", "process_failed_to_decrypt":"0", "process_pending_decryption":"0", "process_success":"1", "total":"1"}}
{"logTime": "0506/033754", "correlationVector":"qJfSnLpCHN6IvKSmKQFGZo","action":"SyncServerConnectionManagerRequest", "result":"SYNC_SERVER_OK", "context":{"environment":"", "migrationStage":"", "server":""}}
{"logTime": "0506/033754", "correlationVector":"qJfSnLpCHN6IvKSmKQFGZo.0","action":"EncryptionKeysFetcher.DownloadKeys:", "result":"Success", "context":Key count: 5, Last key timestamp: 2026-01-01T08:33:26Z}
{"logTime": "0506/033754", "correlationVector":"qJfSnLpCHN6IvKSmKQFGZo.1","action":"EncryptionKeysManager::SetEncryptionKeys:", "result":"Success", "context":Key names[5]:[rS190NI8Dw5lywmyBkBq+3ScS8bPMpHgoyzmwgXlhxynqSmp4K8ODJIn9m70bCsRcYQZDMgajnzO368rndc8Dg==][SrvJy2D/ooFuV/rvZDZkMgRannbjw9miTjYhY8MzZsrrq6CMlPHQ5Y2ZUk/Jm61HbRWfrb7lMsUN6weg2VCgzQ==][Rrb6TDqYg9fRDLAMUYsl1ga5us0KvOkIumjwzyG7EevtRVyPYNnasUl6+Xve0sD8p39cT7EwSTuQhW9/JDEIXA==][dEz3yiz2qsrFy5ztbuI0+w2T2pcD/WFY7/jnIuVkVqs0vgF8moFpO+236V26KVmRIhSxWYpKtgkWQEXML1ZLyw==][nbEw4zkXayat4gWviY7RALmSNNi3S1hdq9t3diIyt5rOOGpt0c0K4T7MObZFiu5gEgluPnaM0HB+31A7muNkhQ==]}
{"logTime": "0506/033754", "correlationVector":"qJfSnLpCHN6IvKSmKQFGZo.2","action":"EncryptionKeysManager::SetEncryptionKeysWithTimestamps:", "result":"Success", "context":Key timestamps[5]:[2023-06-05T16:26:30Z][2023-12-13T10:48:39Z][2024-06-11T14:57:52Z][2024-12-09T04:23:35Z][2026-01-01T08:33:26Z]}
{"logTime": "0506/033754", "correlationVector":"TtQOlfRHnLYktiHPJ6dF7U","action":"Initial GetUpdates", "result":"", "context":Reason: NEW_CLIENT. cV=TtQOlfRHnLYktiHPJ6dF7U}
{"logTime": "0506/033754", "correlationVector":"TtQOlfRHnLYktiHPJ6dF7U.3","action":"GetUpdates Response", "result":"Success", "context":Received 1 update(s). cV=TtQOlfRHnLYktiHPJ6dF7U.0;server=akswtt00100000f;cloudType=Consumer;environment=Prod_germanywestcentral_prod-s01-010-eur-germanywestcentral;migrationStage=NotStarted}
{"logTime": "0506/033754", "correlationVector":"jPnbOEWMSRmi/c1gTVIJcs","action":"Initial GetUpdates", "result":"", "context":Reason: NEWLY_SUPPORTED_DATATYPE. cV=jPnbOEWMSRmi/c1gTVIJcs}
{"logTime": "0506/033754", "correlationVector":"jPnbOEWMSRmi/c1gTVIJcs.1","action":"SyncServerConnectionManagerRequest", "result":"SYNC_SERVER_OK", "context":{"environment":"Prod_germanywestcentral_prod-s01-010-eur-germanywestcentral", "migrationStage":"NotStarted", "server":"akswtt00100000k"}}
{"logTime": "0506/033754", "correlationVector":"jPnbOEWMSRmi/c1gTVIJcs.2","action":"ProcessGetUpdates", "result":"Done", "context":{"dataType":"Preferences", "deleted":"0", "process_failed_to_decrypt":"0", "process_pending_decryption":"0", "process_success":"68", "total":"68"}}
{"logTime": "0506/033754", "correlationVector":"jPnbOEWMSRmi/c1gTVIJcs.3","action":"ProcessGetUpdates", "result":"Done", "context":{"dataType":"Passwords", "deleted":"0", "process_failed_to_decrypt":"0", "process_pending_decryption":"0", "process_success":"28", "total":"28"}}
{"logTime": "0506/033754", "correlationVector":"jPnbOEWMSRmi/c1gTVIJcs.4","action":"ProcessGetUpdates", "result":"Done", "context":{"dataType":"Device Info", "deleted":"0", "process_failed_to_decrypt":"0", "process_pending_decryption":"0", "process_success":"10", "total":"10"}}
{"logTime": "0506/033754", "correlationVector":"jPnbOEWMSRmi/c1gTVIJcs.5","action":"GetUpdates Response", "result":"Success", "context":Received 106 update(s). cV=jPnbOEWMSRmi/c1gTVIJcs.0;server=akswtt00100000k;cloudType=Consumer;environment=Prod_germanywestcentral_prod-s01-010-eur-germanywestcentral;migrationStage=NotStarted}
{"logTime": "0506/033754", "correlationVector":"QXKE/wMCjFZRclCvll0s3l","action":"Initial GetUpdates", "result":"", "context":Reason: NEWLY_SUPPORTED_DATATYPE. cV=QXKE/wMCjFZRclCvll0s3l}
{"logTime": "0506/033755", "correlationVector":"QXKE/wMCjFZRclCvll0s3l.1","action":"SyncServerConnectionManagerRequest", "result":"SYNC_SERVER_OK", "context":{"environment":"Prod_germanywestcentral_prod-s01-010-eur-germanywestcentral", "migrationStage":"NotStarted", "server":"akswtt001000003"}}
{"logTime": "0506/033755", "correlationVector":"QXKE/wMCjFZRclCvll0s3l.2","action":"ProcessGetUpdates", "result":"Done", "context":{"dataType":"Bookmarks", "deleted":"0", "process_failed_to_decrypt":"0", "process_pending_decryption":"0", "process_success":"25", "total":"25"}}
{"logTime": "0506/033755", "correlationVector":"QXKE/wMCjFZRclCvll0s3l.3","action":"GetUpdates Response", "result":"Success", "context":Received 25 update(s). cV=QXKE/wMCjFZRclCvll0s3l.0;server=akswtt001000003;cloudType=Consumer;environment=Prod_germanywestcentral_prod-s01-010-eur-germanywestcentral;migrationStage=NotStarted}
{"logTime": "0506/033755", "correlationVector":"0cX7zfKk5xZdYeyhmYV1Vb","action":"Initial GetUpdates", "result":"", "context":Reason: NEWLY_SUPPORTED_DATATYPE. cV=0cX7zfKk5xZdYeyhmYV1Vb}
{"logTime": "0506/033756", "correlationVector":"0cX7zfKk5xZdYeyhmYV1Vb.1","action":"SyncServerConnectionManagerRequest", "result":"SYNC_SERVER_OK", "context":{"environment":"Prod_germanywestcentral_prod-s01-010-eur-germanywestcentral", "migrationStage":"NotStarted", "server":"akswtt001000009"}}
{"logTime": "0506/033756", "correlationVector":"0cX7zfKk5xZdYeyhmYV1Vb.2","action":"ProcessGetUpdates", "result":"Done", "context":{"dataType":"Autofill", "deleted":"0", "process_failed_to_decrypt":"0", "process_pending_decryption":"0", "process_success":"2", "total":"2"}}
{"logTime": "0506/033756", "correlationVector":"0cX7zfKk5xZdYeyhmYV1Vb.3","action":"ProcessGetUpdates", "result":"Done", "context":{"dataType":"Extensions", "deleted":"0", "process_failed_to_decrypt":"0", "process_pending_decryption":"0", "process_success":"1", "total":"1"}}
{"logTime": "0506/033756", "correlationVector":"0cX7zfKk5xZdYeyhmYV1Vb.4","action":"ProcessGetUpdates", "result":"Done", "context":{"dataType":"Sessions", "deleted":"3", "process_failed_to_decrypt":"0", "process_pending_decryption":"0", "process_success":"3", "total":"3"}}
{"logTime": "0506/033756", "correlationVector":"0cX7zfKk5xZdYeyhmYV1Vb.5","action":"ProcessGetUpdates", "result":"Done", "context":{"dataType":"Extension settings", "deleted":"0", "process_failed_to_decrypt":"0", "process_pending_decryption":"0", "process_success":"6", "total":"6"}}
{"logTime": "0506/033756", "correlationVector":"0cX7zfKk5xZdYeyhmYV1Vb.6","action":"GetUpdates Response", "result":"Success", "context":Received 12 update(s). cV=0cX7zfKk5xZdYeyhmYV1Vb.0;server=akswtt001000009;cloudType=Consumer;environment=Prod_germanywestcentral_prod-s01-010-eur-germanywestcentral;migrationStage=NotStarted}
{"logTime": "0506/033756", "correlationVector":"ziWdlohFrnpUTu1fRJ5+tV","action":"Initial GetUpdates", "result":"", "context":Reason: NEWLY_SUPPORTED_DATATYPE. cV=ziWdlohFrnpUTu1fRJ5+tV}
{"logTime": "0506/033756", "correlationVector":"ziWdlohFrnpUTu1fRJ5+tV.1","action":"SyncServerConnectionManagerRequest", "result":"SYNC_SERVER_OK", "context":{"environment":"Prod_germanywestcentral_prod-s01-010-eur-germanywestcentral", "migrationStage":"NotStarted", "server":"akswtt001000003"}}
{"logTime": "0506/033756", "correlationVector":"ziWdlohFrnpUTu1fRJ5+tV.2","action":"GetUpdates Response", "result":"Success", "context":Received 0 update(s). cV=ziWdlohFrnpUTu1fRJ5+tV.0;server=akswtt001000003;cloudType=Consumer;environment=Prod_germanywestcentral_prod-s01-010-eur-germanywestcentral;migrationStage=NotStarted}
{"logTime": "0506/033756", "correlationVector":"jsjUUbX3wzJov8/6IyvAlN","action":"Normal GetUpdate request", "result":"", "context":cV=jsjUUbX3wzJov8/6IyvAlN
Nudged types: Sessions, Device Info, User Consents
Refresh requested types: Bookmarks, Preferences, Passwords, Autofill Profiles, Autofill, Extensions, Sessions, Extension settings, History Delete Directives, Device Info, User Consents, Send Tab To Self, Web Apps, History, Saved Tab Group, WebAuthn Credentials, Collection, Edge E Drop, Edge Hub App Usage, Edge Wallet, Edge Workspace, Encryption Keys}
{"logTime": "0506/033758", "correlationVector":"jsjUUbX3wzJov8/6IyvAlN.1","action":"SyncServerConnectionManagerRequest", "result":"SYNC_SERVER_OK", "context":{"environment":"Prod_germanywestcentral_prod-s01-010-eur-germanywestcentral", "migrationStage":"NotStarted", "server":"akswtt00100000h"}}
{"logTime": "0506/033758", "correlationVector":"jsjUUbX3wzJov8/6IyvAlN.2","action":"GetUpdates Response", "result":"Success", "context":Received 0 update(s). cV=jsjUUbX3wzJov8/6IyvAlN.0;server=akswtt00100000h;cloudType=Consumer;environment=Prod_germanywestcentral_prod-s01-010-eur-germanywestcentral;migrationStage=NotStarted}
{"logTime": "0506/033758", "correlationVector":"fuvTTfWChjCm3VUGXq2oTl","action":"DoCompareDataConsistency: ", "result":"has local changes and skip compare"}
{"logTime": "0506/033758", "correlationVector":"CiuxB9+DnjrPyXtiNnLZVE","action":"Commit Request", "result":"", "context":Item count: 5
Contributing types: Sessions, Device Info, User Consents, History}
{"logTime": "0506/033800", "correlationVector":"CiuxB9+DnjrPyXtiNnLZVE.1","action":"SyncServerConnectionManagerRequest", "result":"SYNC_SERVER_OK", "context":{"environment":"Prod_germanywestcentral_prod-s01-010-eur-germanywestcentral", "migrationStage":"NotStarted", "server":"akswtt00100000k"}}
{"logTime": "0506/033800", "correlationVector":"CiuxB9+DnjrPyXtiNnLZVE.2","action":"Commit Response", "result":"Success", "context":Result: Success. cV=CiuxB9+DnjrPyXtiNnLZVE.0;server=akswtt00100000k;cloudType=Consumer;environment=Prod_germanywestcentral_prod-s01-010-eur-germanywestcentral;migrationStage=NotStarted}
{"logTime": "0506/033800", "correlationVector":"SSxbX2v/nRMsznhwUT8guc","action":"Commit Request", "result":"", "context":Item count: 1
Contributing types: Sessions}
{"logTime": "0506/033800", "correlationVector":"SSxbX2v/nRMsznhwUT8guc.1","action":"SyncServerConnectionManagerRequest", "result":"SYNC_SERVER_OK", "context":{"environment":"Prod_germanywestcentral_prod-s01-010-eur-germanywestcentral", "migrationStage":"NotStarted", "server":"akswtt00100000c"}}
{"logTime": "0506/033800", "correlationVector":"SSxbX2v/nRMsznhwUT8guc.2","action":"Commit Response", "result":"Success", "context":Result: Success. cV=SSxbX2v/nRMsznhwUT8guc.0;server=akswtt00100000c;cloudType=Consumer;environment=Prod_germanywestcentral_prod-s01-010-eur-germanywestcentral;migrationStage=NotStarted}
{"logTime": "0506/033813", "correlationVector":"LHbi+PBvMPRndYkkpRxfwK","action":"Commit Request", "result":"", "context":Item count: 4
Contributing types: Preferences, Sessions, History}
{"logTime": "0506/033814", "correlationVector":"LHbi+PBvMPRndYkkpRxfwK.1","action":"SyncServerConnectionManagerRequest", "result":"SYNC_SERVER_OK", "context":{"environment":"Prod_germanywestcentral_prod-s01-010-eur-germanywestcentral", "migrationStage":"NotStarted", "server":"akswtt001000003"}}
{"logTime": "0506/033814", "correlationVector":"LHbi+PBvMPRndYkkpRxfwK.2","action":"Commit Response", "result":"Success", "context":Result: Success. cV=LHbi+PBvMPRndYkkpRxfwK.0;server=akswtt001000003;cloudType=Consumer;environment=Prod_germanywestcentral_prod-s01-010-eur-germanywestcentral;migrationStage=NotStarted}
{"logTime": "0506/033841", "correlationVector":"PbQZ2wtWn2as9jjgrwWSy9","action":"Commit Request", "result":"", "context":Item count: 11
Contributing types: Passwords}
{"logTime": "0506/033844", "correlationVector":"PbQZ2wtWn2as9jjgrwWSy9.1","action":"SyncServerConnectionManagerRequest", "result":"SYNC_SERVER_OK", "context":{"environment":"Prod_germanywestcentral_prod-s01-010-eur-germanywestcentral", "migrationStage":"NotStarted", "server":"akswtt00100000h"}}
{"logTime": "0506/033844", "correlationVector":"PbQZ2wtWn2as9jjgrwWSy9.2","action":"Commit Response", "result":"Success", "context":Result: Success. cV=PbQZ2wtWn2as9jjgrwWSy9.0;server=akswtt00100000h;cloudType=Consumer;environment=Prod_germanywestcentral_prod-s01-010-eur-germanywestcentral;migrationStage=NotStarted}
{"logTime": "0506/034217", "correlationVector":"pZSilsGCJ5iRsoxgKWjmyw","action":"Commit Request", "result":"", "context":Item count: 3
Contributing types: Sessions, History}
{"logTime": "0506/034219", "correlationVector":"pZSilsGCJ5iRsoxgKWjmyw.1","action":"SyncServerConnectionManagerRequest", "result":"SYNC_SERVER_OK", "context":{"environment":"Prod_germanywestcentral_prod-s01-011-eur-germanywestcentral", "migrationStage":"NotStarted", "server":"akswtt100000001"}}
{"logTime": "0506/034219", "correlationVector":"pZSilsGCJ5iRsoxgKWjmyw.2","action":"Commit Response", "result":"Success", "context":Result: Success. cV=pZSilsGCJ5iRsoxgKWjmyw.0;server=akswtt100000001;cloudType=Consumer;environment=Prod_germanywestcentral_prod-s01-011-eur-germanywestcentral;migrationStage=NotStarted}
{"logTime": "0506/034818", "correlationVector":"D3uZ3vAnjhE7g9l2VglWq/.1","action":"SyncServerConnectionManagerRequest", "result":"SYNC_SERVER_OK", "context":{"environment":"Prod_germanywestcentral_prod-s01-010-eur-germanywestcentral", "migrationStage":"NotStarted", "server":"akswtt001000008"}}
{"logTime": "0506/034818", "correlationVector":"D3uZ3vAnjhE7g9l2VglWq/.2","action":"ProcessGetUpdates", "result":"Done", "context":{"dataType":"Encryption Keys", "deleted":"0", "process_failed_to_decrypt":"0", "process_pending_decryption":"0", "process_success":"1", "total":"1"}}
{"logTime": "0506/034820", "correlationVector":"cUV1gbjV51PiFf27q1b/p1","action":"SyncServerConnectionManagerRequest", "result":"SYNC_SERVER_OK", "context":{"environment":"", "migrationStage":"", "server":""}}
{"logTime": "0506/034820", "correlationVector":"cUV1gbjV51PiFf27q1b/p1.0","action":"EncryptionKeysFetcher.DownloadKeys:", "result":"Success", "context":Key count: 5, Last key timestamp: 2026-01-01T08:33:26Z}
{"logTime": "0506/034820", "correlationVector":"cUV1gbjV51PiFf27q1b/p1.1","action":"EncryptionKeysManager::SetEncryptionKeys:", "result":"Success", "context":Key names[5]:[rS190NI8Dw5lywmyBkBq+3ScS8bPMpHgoyzmwgXlhxynqSmp4K8ODJIn9m70bCsRcYQZDMgajnzO368rndc8Dg==][SrvJy2D/ooFuV/rvZDZkMgRannbjw9miTjYhY8MzZsrrq6CMlPHQ5Y2ZUk/Jm61HbRWfrb7lMsUN6weg2VCgzQ==][Rrb6TDqYg9fRDLAMUYsl1ga5us0KvOkIumjwzyG7EevtRVyPYNnasUl6+Xve0sD8p39cT7EwSTuQhW9/JDEIXA==][dEz3yiz2qsrFy5ztbuI0+w2T2pcD/WFY7/jnIuVkVqs0vgF8moFpO+236V26KVmRIhSxWYpKtgkWQEXML1ZLyw==][nbEw4zkXayat4gWviY7RALmSNNi3S1hdq9t3diIyt5rOOGpt0c0K4T7MObZFiu5gEgluPnaM0HB+31A7muNkhQ==]}
{"logTime": "0506/034820", "correlationVector":"cUV1gbjV51PiFf27q1b/p1.2","action":"EncryptionKeysManager::SetEncryptionKeysWithTimestamps:", "result":"Success", "context":Key timestamps[5]:[2023-06-05T16:26:30Z][2023-12-13T10:48:39Z][2024-06-11T14:57:52Z][2024-12-09T04:23:35Z][2026-01-01T08:33:26Z]}
{"logTime": "0506/034820", "correlationVector":"D3uZ3vAnjhE7g9l2VglWq/","action":"Initial GetUpdates", "result":"", "context":Reason: NEW_CLIENT. cV=D3uZ3vAnjhE7g9l2VglWq/}
{"logTime": "0506/034820", "correlationVector":"D3uZ3vAnjhE7g9l2VglWq/.3","action":"GetUpdates Response", "result":"Success", "context":Received 1 update(s). cV=D3uZ3vAnjhE7g9l2VglWq/.0;server=akswtt001000008;cloudType=Consumer;environment=Prod_germanywestcentral_prod-s01-010-eur-germanywestcentral;migrationStage=NotStarted}
{"logTime": "0506/034820", "correlationVector":"RpFlJjpKzw2weVr0od/HX0","action":"Initial GetUpdates", "result":"", "context":Reason: NEWLY_SUPPORTED_DATATYPE. cV=RpFlJjpKzw2weVr0od/HX0}
{"logTime": "0506/034820", "correlationVector":"RpFlJjpKzw2weVr0od/HX0.1","action":"SyncServerConnectionManagerRequest", "result":"SYNC_SERVER_OK", "context":{"environment":"Prod_germanywestcentral_prod-s01-010-eur-germanywestcentral", "migrationStage":"NotStarted", "server":"akswtt001000003"}}
{"logTime": "0506/034820", "correlationVector":"RpFlJjpKzw2weVr0od/HX0.2","action":"ProcessGetUpdates", "result":"Done", "context":{"dataType":"Passwords", "deleted":"0", "process_failed_to_decrypt":"0", "process_pending_decryption":"0", "process_success":"28", "total":"28"}}
{"logTime": "0506/034820", "correlationVector":"RpFlJjpKzw2weVr0od/HX0.3","action":"GetUpdates Response", "result":"Success", "context":Received 28 update(s). cV=RpFlJjpKzw2weVr0od/HX0.0;server=akswtt001000003;cloudType=Consumer;environment=Prod_germanywestcentral_prod-s01-010-eur-germanywestcentral;migrationStage=NotStarted}
{"logTime": "0506/034820", "correlationVector":"yyVq3mECUwxLqdEarxa6TN","action":"Initial GetUpdates", "result":"", "context":Reason: NEWLY_SUPPORTED_DATATYPE. cV=yyVq3mECUwxLqdEarxa6TN}
{"logTime": "0506/034821", "correlationVector":"yyVq3mECUwxLqdEarxa6TN.1","action":"SyncServerConnectionManagerRequest", "result":"SYNC_SERVER_OK", "context":{"environment":"Prod_germanywestcentral_prod-s01-010-eur-germanywestcentral", "migrationStage":"NotStarted", "server":"akswtt00100000b"}}
{"logTime": "0506/034821", "correlationVector":"yyVq3mECUwxLqdEarxa6TN.2","action":"ProcessGetUpdates", "result":"Done", "context":{"dataType":"Bookmarks", "deleted":"0", "process_failed_to_decrypt":"0", "process_pending_decryption":"0", "process_success":"25", "total":"25"}}
{"logTime": "0506/034821", "correlationVector":"yyVq3mECUwxLqdEarxa6TN.3","action":"GetUpdates Response", "result":"Success", "context":Received 25 update(s). cV=yyVq3mECUwxLqdEarxa6TN.0;server=akswtt00100000b;cloudType=Consumer;environment=Prod_germanywestcentral_prod-s01-010-eur-germanywestcentral;migrationStage=NotStarted}
{"logTime": "0506/034821", "correlationVector":"U7xsmdF8Q9eyFprqBKw6jL","action":"Normal GetUpdate request", "result":"", "context":cV=U7xsmdF8Q9eyFprqBKw6jL
Nudged types: Sessions, Device Info, History
Refresh requested types: Bookmarks, Preferences, Passwords, Autofill Profiles, Autofill, Extensions, Sessions, Extension settings, History Delete Directives, Device Info, User Consents, Send Tab To Self, Web Apps, History, Saved Tab Group, WebAuthn Credentials, Collection, Edge E Drop, Edge Hub App Usage, Edge Wallet, Edge Workspace, Encryption Keys}
{"logTime": "0506/034822", "correlationVector":"U7xsmdF8Q9eyFprqBKw6jL.1","action":"SyncServerConnectionManagerRequest", "result":"SYNC_SERVER_OK", "context":{"environment":"Prod_germanywestcentral_prod-s01-010-eur-germanywestcentral", "migrationStage":"NotStarted", "server":"akswtt001000009"}}
{"logTime": "0506/034822", "correlationVector":"U7xsmdF8Q9eyFprqBKw6jL.2","action":"ProcessGetUpdates", "result":"Done", "context":{"dataType":"Preferences", "deleted":"0", "process_failed_to_decrypt":"0", "process_pending_decryption":"0", "process_success":"1", "total":"1"}}
{"logTime": "0506/034822", "correlationVector":"U7xsmdF8Q9eyFprqBKw6jL.3","action":"ProcessGetUpdates", "result":"Done", "context":{"dataType":"Sessions", "deleted":"0", "process_failed_to_decrypt":"0", "process_pending_decryption":"0", "process_success":"2", "total":"2"}}
{"logTime": "0506/034822", "correlationVector":"U7xsmdF8Q9eyFprqBKw6jL.4","action":"ProcessGetUpdates", "result":"Done", "context":{"dataType":"Device Info", "deleted":"0", "process_failed_to_decrypt":"0", "process_pending_decryption":"0", "process_success":"1", "total":"1"}}
{"logTime": "0506/034822", "correlationVector":"U7xsmdF8Q9eyFprqBKw6jL.5","action":"ProcessGetUpdates", "result":"Done", "context":{"dataType":"History", "deleted":"0", "process_failed_to_decrypt":"0", "process_pending_decryption":"0", "process_success":"3", "total":"3"}}
{"logTime": "0506/034822", "correlationVector":"U7xsmdF8Q9eyFprqBKw6jL.6","action":"GetUpdates Response", "result":"Success", "context":Received 7 update(s). cV=U7xsmdF8Q9eyFprqBKw6jL.0;server=akswtt001000009;cloudType=Consumer;environment=Prod_germanywestcentral_prod-s01-010-eur-germanywestcentral;migrationStage=NotStarted}
{"logTime": "0506/034822", "correlationVector":"kOf1FToAWRzhN/o3F+ySFt","action":"Commit Request", "result":"", "context":Item count: 5
Contributing types: Sessions, Device Info, History}
{"logTime": "0506/034823", "correlationVector":"kOf1FToAWRzhN/o3F+ySFt.1","action":"SyncServerConnectionManagerRequest", "result":"SYNC_SERVER_OK", "context":{"environment":"Prod_germanywestcentral_prod-s01-010-eur-germanywestcentral", "migrationStage":"NotStarted", "server":"akswtt00100000b"}}
{"logTime": "0506/034823", "correlationVector":"kOf1FToAWRzhN/o3F+ySFt.2","action":"Commit Response", "result":"Success", "context":Result: Success. cV=kOf1FToAWRzhN/o3F+ySFt.0;server=akswtt00100000b;cloudType=Consumer;environment=Prod_germanywestcentral_prod-s01-010-eur-germanywestcentral;migrationStage=NotStarted}
{"logTime": "0506/034905", "correlationVector":"ELtYfd/WgJSqD2Udrzr7KI","action":"Commit Request", "result":"", "context":Item count: 4
Contributing types: Preferences, Sessions, History}
{"logTime": "0506/034907", "correlationVector":"ELtYfd/WgJSqD2Udrzr7KI.1","action":"SyncServerConnectionManagerRequest", "result":"SYNC_SERVER_OK", "context":{"environment":"Prod_germanywestcentral_prod-s01-010-eur-germanywestcentral", "migrationStage":"NotStarted", "server":"akswtt001000004"}}
{"logTime": "0506/034907", "correlationVector":"ELtYfd/WgJSqD2Udrzr7KI.2","action":"Commit Response", "result":"Success", "context":Result: Success. cV=ELtYfd/WgJSqD2Udrzr7KI.0;server=akswtt001000004;cloudType=Consumer;environment=Prod_germanywestcentral_prod-s01-010-eur-germanywestcentral;migrationStage=NotStarted}
{"logTime": "0506/035115", "correlationVector":"MxYg+RyriXSyJN53ks+2N4","action":"Commit Request", "result":"", "context":Item count: 4
Contributing types: Preferences, Sessions, History}
{"logTime": "0506/035117", "correlationVector":"MxYg+RyriXSyJN53ks+2N4.1","action":"SyncServerConnectionManagerRequest", "result":"SYNC_SERVER_OK", "context":{"environment":"Prod_germanywestcentral_prod-s01-010-eur-germanywestcentral", "migrationStage":"NotStarted", "server":"akswtt00100000i"}}
{"logTime": "0506/035117", "correlationVector":"MxYg+RyriXSyJN53ks+2N4.3","action":"Commit.Preferences", "result":"Success", "context":{"id":"65a59323-14cf-40e3-9c36-851afb054809", "isDeleted":"true", "size":"0", "version":"1778039349315"}}
{"logTime": "0506/035117", "correlationVector":"MxYg+RyriXSyJN53ks+2N4.2","action":"Commit Response", "result":"Success", "context":Result: Success. cV=MxYg+RyriXSyJN53ks+2N4.0;server=akswtt00100000i;cloudType=Consumer;environment=Prod_germanywestcentral_prod-s01-010-eur-germanywestcentral;migrationStage=NotStarted}
{"logTime": "0506/035217", "correlationVector":"rwYG9vjCiBhcGgbrvlzCOe","action":"Commit Request", "result":"", "context":Item count: 3
Contributing types: Sessions, History}
{"logTime": "0506/035220", "correlationVector":"rwYG9vjCiBhcGgbrvlzCOe.1","action":"SyncServerConnectionManagerRequest", "result":"SYNC_SERVER_OK", "context":{"environment":"Prod_germanywestcentral_prod-s01-010-eur-germanywestcentral", "migrationStage":"NotStarted", "server":"akswtt00100000h"}}
{"logTime": "0506/035220", "correlationVector":"rwYG9vjCiBhcGgbrvlzCOe.2","action":"Commit Response", "result":"Success", "context":Result: Success. cV=rwYG9vjCiBhcGgbrvlzCOe.0;server=akswtt00100000h;cloudType=Consumer;environment=Prod_germanywestcentral_prod-s01-010-eur-germanywestcentral;migrationStage=NotStarted}
{"logTime": "0506/035415", "correlationVector":"yS7hUtr3ZcnSHUOpc/CqMH","action":"Commit Request", "result":"", "context":Item count: 4
Contributing types: Sessions, History}
{"logTime": "0506/035416", "correlationVector":"yS7hUtr3ZcnSHUOpc/CqMH.1","action":"SyncServerConnectionManagerRequest", "result":"SYNC_SERVER_OK", "context":{"environment":"Prod_germanywestcentral_prod-s01-010-eur-germanywestcentral", "migrationStage":"NotStarted", "server":"akswtt00100000d"}}
{"logTime": "0506/035416", "correlationVector":"yS7hUtr3ZcnSHUOpc/CqMH.2","action":"Commit Response", "result":"Success", "context":Result: Success. cV=yS7hUtr3ZcnSHUOpc/CqMH.0;server=akswtt00100000d;cloudType=Consumer;environment=Prod_germanywestcentral_prod-s01-010-eur-germanywestcentral;migrationStage=NotStarted}
