2026-05-06 03:37:41.411: [INFO][Sync] Reset engine, reason: 8
2026-05-06 03:37:41.411: [INFO][Sync] Stopped: Bookmarks
2026-05-06 03:37:41.411: [INFO][Sync] Stopped: Preferences
2026-05-06 03:37:41.411: [INFO][Sync] Stopped: Passwords
2026-05-06 03:37:41.411: [INFO][Sync] Stopped: Autofill Profiles
2026-05-06 03:37:41.411: [INFO][Sync] Stopped: Autofill
2026-05-06 03:37:41.411: [INFO][Sync] Stopped: Extensions
2026-05-06 03:37:41.411: [INFO][Sync] Stopped: Sessions
2026-05-06 03:37:41.411: [INFO][Sync] Stopped: Extension settings
2026-05-06 03:37:41.411: [INFO][Sync] Stopped: History Delete Directives
2026-05-06 03:37:41.411: [INFO][Sync] Stopped: Device Info
2026-05-06 03:37:41.411: [INFO][Sync] Stopped: User Consents
2026-05-06 03:37:41.411: [INFO][Sync] Stopped: Send Tab To Self
2026-05-06 03:37:41.411: [INFO][Sync] Stopped: Web Apps
2026-05-06 03:37:41.411: [INFO][Sync] Stopped: History
2026-05-06 03:37:41.411: [INFO][Sync] Stopped: Saved Tab Group
2026-05-06 03:37:41.411: [INFO][Sync] Stopped: WebAuthn Credentials
2026-05-06 03:37:41.411: [INFO][Sync] Stopped: Collection
2026-05-06 03:37:41.411: [INFO][Sync] Stopped: Edge E Drop
2026-05-06 03:37:41.411: [INFO][Sync] Stopped: Edge Hub App Usage
2026-05-06 03:37:41.411: [INFO][Sync] Stopped: Edge Wallet
2026-05-06 03:37:41.411: [INFO][Sync] Stopped: Edge Workspace
2026-05-06 03:37:41.411: [INFO][Sync] SyncState after authenticated was: NotSignedIn
2026-05-06 03:37:41.846: [INFO][Sync] Reset engine, reason: 8
2026-05-06 03:37:41.846: [INFO][Sync] Stopped: Bookmarks
2026-05-06 03:37:41.846: [INFO][Sync] Stopped: Preferences
2026-05-06 03:37:41.846: [INFO][Sync] Stopped: Passwords
2026-05-06 03:37:41.846: [INFO][Sync] Stopped: Autofill Profiles
2026-05-06 03:37:41.846: [INFO][Sync] Stopped: Autofill
2026-05-06 03:37:41.846: [INFO][Sync] Stopped: Extensions
2026-05-06 03:37:41.846: [INFO][Sync] Stopped: Sessions
2026-05-06 03:37:41.846: [INFO][Sync] Stopped: Extension settings
2026-05-06 03:37:41.846: [INFO][Sync] Stopped: History Delete Directives
2026-05-06 03:37:41.846: [INFO][Sync] Stopped: Device Info
2026-05-06 03:37:41.846: [INFO][Sync] Stopped: User Consents
2026-05-06 03:37:41.846: [INFO][Sync] Stopped: Send Tab To Self
2026-05-06 03:37:41.846: [INFO][Sync] Stopped: Web Apps
2026-05-06 03:37:41.846: [INFO][Sync] Stopped: History
2026-05-06 03:37:41.846: [INFO][Sync] Stopped: Saved Tab Group
2026-05-06 03:37:41.846: [INFO][Sync] Stopped: WebAuthn Credentials
2026-05-06 03:37:41.846: [INFO][Sync] Stopped: Collection
2026-05-06 03:37:41.846: [INFO][Sync] Stopped: Edge E Drop
2026-05-06 03:37:41.846: [INFO][Sync] Stopped: Edge Hub App Usage
2026-05-06 03:37:41.847: [INFO][Sync] Stopped: Edge Wallet
2026-05-06 03:37:41.847: [INFO][Sync] Stopped: Edge Workspace
2026-05-06 03:37:48.133: [INFO][Sync] Try to start sync engine
2026-05-06 03:37:48.140: [INFO][SyncManagerImpl::NudgeForInitialDownload] Initial download nudge for Encryption Keys
2026-05-06 03:37:48.140: [INFO][SyncEngineBackend::LoadAndConnectNigoriController] Load and connect Nigori controller
2026-05-06 03:37:48.140: [INFO][SyncEngineBackend::DoInitialize] Control Types added: Encryption Keys
2026-05-06 03:37:48.140: [INFO][SyncManagerImpl::ConfigureSyncer] Types to download: Encryption Keys with reason: 3
2026-05-06 03:37:48.140: [INFO][SyncSchedulerImpl::DoConfigurationSyncCycleJob] Configure job was blocked
2026-05-06 03:37:50.593: [INFO][SyncAuthManager::SetLastAuthError] Current auth error: None
2026-05-06 03:37:50.593: [INFO][SyncAuthManager::EdgeLogTokenErrorState] Token error with: None for account type: MSA
2026-05-06 03:37:50.593: [INFO][Sync] Credentials changed for: EdgeSyncKeyDataScope
2026-05-06 03:37:50.594: [INFO][SyncEngineBackend::DoUpdateKeyDataCredentials] Update key data credentials
2026-05-06 03:37:50.915: [INFO][SyncAuthManager::SetLastAuthError] Current auth error: None
2026-05-06 03:37:50.915: [INFO][SyncAuthManager::EdgeLogTokenErrorState] Token error with: None for account type: MSA
2026-05-06 03:37:50.915: [INFO][Sync] Credentials changed for: EdgeSyncScopeNew
2026-05-06 03:37:50.915: [INFO][SyncEngineBackend::DoUpdateCredentials] Update credentials
2026-05-06 03:37:50.915: [INFO][SyncEngineBackend::DoUpdateKeyDataCredentials] Update key data credentials
2026-05-06 03:37:50.915: [INFO][SyncSchedulerImpl::DoConfigurationSyncCycleJob] Blocked types:  and types to download: Encryption Keys
2026-05-06 03:37:52.161: [INFO][Sync] Started DataTypeManager configuration, reason: 4
2026-05-06 03:37:52.162: [INFO][Sync] Configuring for: Bookmarks, Preferences, Passwords, Autofill Profiles, Autofill, Extensions, Sessions, Extension settings, History Delete Directives, Device Info, User Consents, Send Tab To Self, Web Apps, History, Saved Tab Group, WebAuthn Credentials, Collection, Edge E Drop, Edge Hub App Usage, Edge Wallet, Edge Workspace, Encryption Keys, reason: 3, current state: 0
2026-05-06 03:37:52.162: [WARN][Sync] Crypto error data types: Passwords, Autofill Profiles, Autofill
2026-05-06 03:37:52.164: [INFO][Sync] Configure, desired: Bookmarks, Preferences, Extensions, Sessions, Extension settings, History Delete Directives, Device Info, User Consents, Send Tab To Self, Web Apps, History, Saved Tab Group, WebAuthn Credentials, Collection, Edge E Drop, Edge Hub App Usage, Edge Wallet, Edge Workspace, Encryption Keys; Allow fail: Passwords, Autofill Profiles, Autofill
2026-05-06 03:37:52.165: [INFO][Sync] Loading: Bookmarks
2026-05-06 03:37:52.165: [INFO][Sync] Loading: Preferences
2026-05-06 03:37:52.165: [INFO][Sync] Loading: Extensions
2026-05-06 03:37:52.165: [INFO][Sync] Loading: Sessions
2026-05-06 03:37:52.165: [INFO][Sync] Loading: Extension settings
2026-05-06 03:37:52.165: [INFO][Sync] Loading: History Delete Directives
2026-05-06 03:37:52.165: [INFO][Sync] Loading: Device Info
2026-05-06 03:37:52.165: [INFO][Sync] Loading: User Consents
2026-05-06 03:37:52.165: [INFO][Sync] Loading: Send Tab To Self
2026-05-06 03:37:52.165: [INFO][Sync] Loading: Web Apps
2026-05-06 03:37:52.165: [INFO][Sync] Loading: History
2026-05-06 03:37:52.165: [INFO][Sync] Loading: Saved Tab Group
2026-05-06 03:37:52.165: [INFO][Sync] Loading: WebAuthn Credentials
2026-05-06 03:37:52.165: [INFO][Sync] Loading: Collection
2026-05-06 03:37:52.165: [INFO][Sync] Loading: Edge E Drop
2026-05-06 03:37:52.165: [INFO][Sync] Loading: Edge Hub App Usage
2026-05-06 03:37:52.165: [INFO][Sync] Loading: Edge Wallet
2026-05-06 03:37:52.165: [INFO][Sync] Loading: Edge Workspace
2026-05-06 03:37:52.170: [INFO][Sync] All data types are ready for configure.
2026-05-06 03:37:54.088: [INFO][Sync] Started DataTypeManager configuration, reason: 5
2026-05-06 03:37:54.088: [INFO][Sync] Configuring for: Bookmarks, Preferences, Passwords, Autofill Profiles, Autofill, Extensions, Sessions, Extension settings, History Delete Directives, Device Info, User Consents, Send Tab To Self, Web Apps, History, Saved Tab Group, WebAuthn Credentials, Collection, Edge E Drop, Edge Hub App Usage, Edge Wallet, Edge Workspace, Encryption Keys, reason: 5, current state: 1
2026-05-06 03:37:54.092: [INFO][SyncEngineBackend::DoStartConfiguration] Start configuration
2026-05-06 03:37:54.092: [INFO][SyncManagerImpl::NudgeForInitialDownload] Initial download nudge for Bookmarks
2026-05-06 03:37:54.092: [INFO][SyncManagerImpl::NudgeForInitialDownload] Initial download nudge for Preferences
2026-05-06 03:37:54.092: [INFO][SyncManagerImpl::NudgeForInitialDownload] Initial download nudge for Extensions
2026-05-06 03:37:54.092: [INFO][SyncManagerImpl::NudgeForInitialDownload] Initial download nudge for Sessions
2026-05-06 03:37:54.092: [INFO][SyncManagerImpl::NudgeForInitialDownload] Initial download nudge for Extension settings
2026-05-06 03:37:54.092: [INFO][SyncManagerImpl::NudgeForInitialDownload] Initial download nudge for History Delete Directives
2026-05-06 03:37:54.092: [INFO][SyncManagerImpl::NudgeForInitialDownload] Initial download nudge for Device Info
2026-05-06 03:37:54.092: [INFO][SyncManagerImpl::NudgeForInitialDownload] Initial download nudge for Send Tab To Self
2026-05-06 03:37:54.092: [INFO][SyncManagerImpl::NudgeForInitialDownload] Initial download nudge for Web Apps
2026-05-06 03:37:54.092: [INFO][SyncManagerImpl::NudgeForInitialDownload] Initial download nudge for History
2026-05-06 03:37:54.092: [INFO][SyncManagerImpl::NudgeForInitialDownload] Initial download nudge for Saved Tab Group
2026-05-06 03:37:54.092: [INFO][SyncManagerImpl::NudgeForInitialDownload] Initial download nudge for WebAuthn Credentials
2026-05-06 03:37:54.092: [INFO][SyncManagerImpl::NudgeForInitialDownload] Initial download nudge for Collection
2026-05-06 03:37:54.092: [INFO][SyncManagerImpl::NudgeForInitialDownload] Initial download nudge for Edge E Drop
2026-05-06 03:37:54.092: [INFO][SyncManagerImpl::NudgeForInitialDownload] Initial download nudge for Edge Hub App Usage
2026-05-06 03:37:54.092: [INFO][SyncManagerImpl::NudgeForInitialDownload] Initial download nudge for Edge Wallet
2026-05-06 03:37:54.092: [INFO][SyncManagerImpl::NudgeForInitialDownload] Initial download nudge for Edge Workspace
2026-05-06 03:37:54.092: [INFO][SyncManagerImpl::ConfigureSyncer] Types to download:  with reason: 3
2026-05-06 03:37:54.092: [INFO][SyncEngineBackend::DoFinishConfigureDataTypes] Failed to download types:  and succeeded types: 
2026-05-06 03:37:54.092: [INFO][Sync] ConfigurationDone, failed: , succeeded: , remaining count: 4
2026-05-06 03:37:54.092: [WARN][Sync]     Reconfigure requested while configuration ongoing.
2026-05-06 03:37:54.092: [INFO][Sync] Configuring for: Bookmarks, Preferences, Passwords, Autofill Profiles, Autofill, Extensions, Sessions, Extension settings, History Delete Directives, Device Info, User Consents, Send Tab To Self, Web Apps, History, Saved Tab Group, WebAuthn Credentials, Collection, Edge E Drop, Edge Hub App Usage, Edge Wallet, Edge Workspace, Encryption Keys, reason: 5, current state: 2
2026-05-06 03:37:54.092: [INFO][Sync] Configure, desired: Bookmarks, Preferences, Passwords, Autofill Profiles, Autofill, Extensions, Sessions, Extension settings, History Delete Directives, Device Info, User Consents, Send Tab To Self, Web Apps, History, Saved Tab Group, WebAuthn Credentials, Collection, Edge E Drop, Edge Hub App Usage, Edge Wallet, Edge Workspace, Encryption Keys; Allow fail: 
2026-05-06 03:37:54.092: [INFO][Sync] Loading: Passwords
2026-05-06 03:37:54.092: [INFO][Sync] Loading: Autofill Profiles
2026-05-06 03:37:54.092: [INFO][Sync] Loading: Autofill
2026-05-06 03:37:54.092: [INFO][Sync] All data types are ready for configure.
2026-05-06 03:37:54.092: [INFO][SyncManagerImpl::NudgeForInitialDownload] Initial download nudge for Passwords
2026-05-06 03:37:54.093: [INFO][SyncManagerImpl::NudgeForInitialDownload] Initial download nudge for Autofill Profiles
2026-05-06 03:37:54.093: [INFO][SyncManagerImpl::NudgeForInitialDownload] Initial download nudge for Autofill
2026-05-06 03:37:54.093: [INFO][SyncManagerImpl::ConfigureSyncer] Types to download:  with reason: 5
2026-05-06 03:37:54.093: [INFO][SyncEngineBackend::DoFinishConfigureDataTypes] Failed to download types:  and succeeded types: 
2026-05-06 03:37:54.093: [INFO][Sync] ConfigurationDone, failed: , succeeded: , remaining count: 4
2026-05-06 03:37:54.093: [INFO][Sync] Prepare to configure types: Preferences, Passwords, Device Info, Send Tab To Self, Edge E Drop, Encryption Keys
2026-05-06 03:37:54.093: [INFO][SyncManagerImpl::ConfigureSyncer] Types to download: Preferences, Passwords, Device Info, Send Tab To Self, Edge E Drop, Encryption Keys with reason: 5
2026-05-06 03:37:54.093: [INFO][SyncSchedulerImpl::DoConfigurationSyncCycleJob] Blocked types:  and types to download: Preferences, Passwords, Device Info, Send Tab To Self, Edge E Drop, Encryption Keys
2026-05-06 03:37:54.744: [INFO][SyncEngineBackend::DoFinishConfigureDataTypes] Failed to download types:  and succeeded types: Preferences, Passwords, Device Info, Send Tab To Self, Edge E Drop, Encryption Keys
2026-05-06 03:37:54.752: [INFO][Sync] ConfigurationDone, failed: , succeeded: Preferences, Passwords, Device Info, Send Tab To Self, Edge E Drop, Encryption Keys, remaining count: 3
2026-05-06 03:37:54.752: [INFO][Sync] Prepare to configure types: Bookmarks, Encryption Keys
2026-05-06 03:37:54.752: [INFO][SyncManagerImpl::ConfigureSyncer] Types to download: Bookmarks, Encryption Keys with reason: 5
2026-05-06 03:37:54.752: [INFO][SyncSchedulerImpl::DoConfigurationSyncCycleJob] Blocked types:  and types to download: Bookmarks, Encryption Keys
2026-05-06 03:37:55.832: [INFO][SyncEngineBackend::DoFinishConfigureDataTypes] Failed to download types:  and succeeded types: Bookmarks, Encryption Keys
2026-05-06 03:37:55.848: [INFO][Sync] ConfigurationDone, failed: , succeeded: Bookmarks, Encryption Keys, remaining count: 2
2026-05-06 03:37:55.848: [INFO][Sync] Prepare to configure types: Autofill Profiles, Autofill, Extensions, Sessions, Extension settings, History Delete Directives, Web Apps, Saved Tab Group, WebAuthn Credentials, Collection, Edge Hub App Usage, Edge Wallet, Edge Workspace, Encryption Keys
2026-05-06 03:37:55.848: [INFO][SyncManagerImpl::ConfigureSyncer] Types to download: Autofill Profiles, Autofill, Extensions, Sessions, Extension settings, History Delete Directives, Web Apps, Saved Tab Group, WebAuthn Credentials, Collection, Edge Hub App Usage, Edge Wallet, Edge Workspace, Encryption Keys with reason: 5
2026-05-06 03:37:55.848: [INFO][SyncSchedulerImpl::DoConfigurationSyncCycleJob] Blocked types:  and types to download: Autofill Profiles, Autofill, Extensions, Sessions, Extension settings, History Delete Directives, Web Apps, Saved Tab Group, WebAuthn Credentials, Collection, Edge Hub App Usage, Edge Wallet, Edge Workspace, Encryption Keys
2026-05-06 03:37:56.424: [INFO][SyncEngineBackend::DoFinishConfigureDataTypes] Failed to download types:  and succeeded types: Autofill Profiles, Autofill, Extensions, Sessions, Extension settings, History Delete Directives, Web Apps, Saved Tab Group, WebAuthn Credentials, Collection, Edge Hub App Usage, Edge Wallet, Edge Workspace, Encryption Keys
2026-05-06 03:37:56.426: [INFO][Sync] ConfigurationDone, failed: , succeeded: Autofill Profiles, Autofill, Extensions, Sessions, Extension settings, History Delete Directives, Web Apps, Saved Tab Group, WebAuthn Credentials, Collection, Edge Hub App Usage, Edge Wallet, Edge Workspace, Encryption Keys, remaining count: 1
2026-05-06 03:37:56.428: [INFO][Sync] Prepare to configure types: History, Encryption Keys
2026-05-06 03:37:56.428: [INFO][SyncManagerImpl::ConfigureSyncer] Types to download: History, Encryption Keys with reason: 5
2026-05-06 03:37:56.428: [INFO][SyncSchedulerImpl::DoConfigurationSyncCycleJob] Blocked types:  and types to download: History, Encryption Keys
2026-05-06 03:37:56.929: [INFO][SyncEngineBackend::DoFinishConfigureDataTypes] Failed to download types:  and succeeded types: History, Encryption Keys
2026-05-06 03:37:56.931: [INFO][Sync] ConfigurationDone, failed: , succeeded: History, Encryption Keys, remaining count: 0
2026-05-06 03:37:56.933: [INFO][Sync]     Configuration completed, state: 7
2026-05-06 03:37:56.933: [INFO][Sync] Configured DataTypeManager: Ok
2026-05-06 03:37:56.937: [INFO][SyncEngineBackend::DoStartSyncing] Start syncing
2026-05-06 03:45:54.653: [INFO][Sync] Reset engine, reason: 0
2026-05-06 03:45:54.653: [INFO][Sync] Reset engine with reason: 0
2026-05-06 03:48:04.064: [INFO][Sync] SyncState after authenticated was: FeatureCanStart
2026-05-06 03:48:08.450: [INFO][SyncAuthManager::SetLastAuthError] Current auth error: None
2026-05-06 03:48:08.450: [INFO][SyncAuthManager::EdgeLogTokenErrorState] Token error with: None for account type: MSA
2026-05-06 03:48:08.451: [INFO][Sync] Credentials changed for: EdgeSyncKeyDataScope
2026-05-06 03:48:14.064: [INFO][Sync] Try to start sync engine
2026-05-06 03:48:14.079: [INFO][SyncManagerImpl::NudgeForInitialDownload] Initial download nudge for Encryption Keys
2026-05-06 03:48:14.079: [INFO][SyncEngineBackend::LoadAndConnectNigoriController] Load and connect Nigori controller
2026-05-06 03:48:14.079: [INFO][SyncEngineBackend::DoInitialize] Control Types added: Encryption Keys
2026-05-06 03:48:14.079: [INFO][SyncManagerImpl::ConfigureSyncer] Types to download: Encryption Keys with reason: 3
2026-05-06 03:48:14.080: [INFO][SyncEngineBackend::DoUpdateKeyDataCredentials] Update key data credentials
2026-05-06 03:48:14.080: [INFO][SyncSchedulerImpl::DoConfigurationSyncCycleJob] Configure job was blocked
2026-05-06 03:48:14.080: [INFO][SyncAuthManager::SetLastAuthError] Current auth error: None
2026-05-06 03:48:14.080: [INFO][SyncAuthManager::EdgeLogTokenErrorState] Token error with: None for account type: MSA
2026-05-06 03:48:14.080: [INFO][Sync] Credentials changed for: EdgeSyncScopeNew
2026-05-06 03:48:14.081: [INFO][SyncEngineBackend::DoUpdateCredentials] Update credentials
2026-05-06 03:48:14.081: [INFO][SyncSchedulerImpl::DoConfigurationSyncCycleJob] Blocked types:  and types to download: Encryption Keys
2026-05-06 03:48:18.442: [INFO][SyncEngineBackend::DoUpdateKeyDataCredentials] Update key data credentials
2026-05-06 03:48:18.450: [INFO][Sync] Started DataTypeManager configuration, reason: 4
2026-05-06 03:48:18.451: [INFO][Sync] Configuring for: Bookmarks, Preferences, Passwords, Autofill Profiles, Autofill, Extensions, Sessions, Extension settings, History Delete Directives, Device Info, User Consents, Send Tab To Self, Web Apps, History, Saved Tab Group, WebAuthn Credentials, Collection, Edge E Drop, Edge Hub App Usage, Edge Wallet, Edge Workspace, Encryption Keys, reason: 4, current state: 0
2026-05-06 03:48:18.452: [WARN][Sync] Crypto error data types: Passwords, Autofill Profiles, Autofill
2026-05-06 03:48:18.459: [INFO][Sync] Configure, desired: Bookmarks, Preferences, Extensions, Sessions, Extension settings, History Delete Directives, Device Info, User Consents, Send Tab To Self, Web Apps, History, Saved Tab Group, WebAuthn Credentials, Collection, Edge E Drop, Edge Hub App Usage, Edge Wallet, Edge Workspace, Encryption Keys; Allow fail: Passwords, Autofill Profiles, Autofill
2026-05-06 03:48:18.461: [INFO][Sync] Loading: Bookmarks
2026-05-06 03:48:18.461: [INFO][Sync] Loading: Preferences
2026-05-06 03:48:18.461: [INFO][Sync] Loading: Extensions
2026-05-06 03:48:18.463: [INFO][Sync] Loading: Sessions
2026-05-06 03:48:18.465: [INFO][Sync] Loading: Extension settings
2026-05-06 03:48:18.465: [INFO][Sync] Loading: History Delete Directives
2026-05-06 03:48:18.465: [INFO][Sync] Loading: Device Info
2026-05-06 03:48:18.465: [INFO][Sync] Loading: User Consents
2026-05-06 03:48:18.465: [INFO][Sync] Loading: Send Tab To Self
2026-05-06 03:48:18.465: [INFO][Sync] Loading: Web Apps
2026-05-06 03:48:18.465: [INFO][Sync] Loading: History
2026-05-06 03:48:18.465: [INFO][Sync] Loading: Saved Tab Group
2026-05-06 03:48:18.465: [INFO][Sync] Loading: WebAuthn Credentials
2026-05-06 03:48:18.465: [INFO][Sync] Loading: Collection
2026-05-06 03:48:18.465: [INFO][Sync] Loading: Edge E Drop
2026-05-06 03:48:18.465: [INFO][Sync] Loading: Edge Hub App Usage
2026-05-06 03:48:18.465: [INFO][Sync] Loading: Edge Wallet
2026-05-06 03:48:18.465: [INFO][Sync] Loading: Edge Workspace
2026-05-06 03:48:18.498: [INFO][Sync] All data types are ready for configure.
2026-05-06 03:48:20.303: [INFO][Sync] Started DataTypeManager configuration, reason: 5
2026-05-06 03:48:20.303: [INFO][Sync] Configuring for: Bookmarks, Preferences, Passwords, Autofill Profiles, Autofill, Extensions, Sessions, Extension settings, History Delete Directives, Device Info, User Consents, Send Tab To Self, Web Apps, History, Saved Tab Group, WebAuthn Credentials, Collection, Edge E Drop, Edge Hub App Usage, Edge Wallet, Edge Workspace, Encryption Keys, reason: 5, current state: 1
2026-05-06 03:48:20.310: [INFO][SyncEngineBackend::DoStartConfiguration] Start configuration
2026-05-06 03:48:20.310: [INFO][SyncManagerImpl::NudgeForInitialDownload] Initial download nudge for Bookmarks
2026-05-06 03:48:20.311: [INFO][SyncManagerImpl::ConfigureSyncer] Types to download:  with reason: 4
2026-05-06 03:48:20.311: [INFO][SyncEngineBackend::DoFinishConfigureDataTypes] Failed to download types:  and succeeded types: 
2026-05-06 03:48:20.315: [INFO][Sync] ConfigurationDone, failed: , succeeded: , remaining count: 4
2026-05-06 03:48:20.315: [WARN][Sync]     Reconfigure requested while configuration ongoing.
2026-05-06 03:48:20.315: [INFO][Sync] Configuring for: Bookmarks, Preferences, Passwords, Autofill Profiles, Autofill, Extensions, Sessions, Extension settings, History Delete Directives, Device Info, User Consents, Send Tab To Self, Web Apps, History, Saved Tab Group, WebAuthn Credentials, Collection, Edge E Drop, Edge Hub App Usage, Edge Wallet, Edge Workspace, Encryption Keys, reason: 5, current state: 2
2026-05-06 03:48:20.315: [INFO][Sync] Configure, desired: Bookmarks, Preferences, Passwords, Autofill Profiles, Autofill, Extensions, Sessions, Extension settings, History Delete Directives, Device Info, User Consents, Send Tab To Self, Web Apps, History, Saved Tab Group, WebAuthn Credentials, Collection, Edge E Drop, Edge Hub App Usage, Edge Wallet, Edge Workspace, Encryption Keys; Allow fail: 
2026-05-06 03:48:20.316: [INFO][Sync] Loading: Passwords
2026-05-06 03:48:20.316: [INFO][Sync] Loading: Autofill Profiles
2026-05-06 03:48:20.316: [INFO][Sync] Loading: Autofill
2026-05-06 03:48:20.317: [INFO][Sync] All data types are ready for configure.
2026-05-06 03:48:20.317: [INFO][SyncManagerImpl::NudgeForInitialDownload] Initial download nudge for Passwords
2026-05-06 03:48:20.321: [INFO][SyncManagerImpl::ConfigureSyncer] Types to download:  with reason: 5
2026-05-06 03:48:20.321: [INFO][SyncEngineBackend::DoFinishConfigureDataTypes] Failed to download types:  and succeeded types: 
2026-05-06 03:48:20.326: [INFO][Sync] ConfigurationDone, failed: , succeeded: , remaining count: 4
2026-05-06 03:48:20.326: [INFO][Sync] Prepare to configure types: Passwords, Encryption Keys
2026-05-06 03:48:20.326: [INFO][SyncManagerImpl::ConfigureSyncer] Types to download: Passwords, Encryption Keys with reason: 5
2026-05-06 03:48:20.326: [INFO][SyncSchedulerImpl::DoConfigurationSyncCycleJob] Blocked types:  and types to download: Passwords, Encryption Keys
2026-05-06 03:48:20.967: [INFO][SyncEngineBackend::DoFinishConfigureDataTypes] Failed to download types:  and succeeded types: Passwords, Encryption Keys
2026-05-06 03:48:20.972: [INFO][Sync] ConfigurationDone, failed: , succeeded: Passwords, Encryption Keys, remaining count: 3
2026-05-06 03:48:20.972: [INFO][Sync] Prepare to configure types: Bookmarks, Encryption Keys
2026-05-06 03:48:20.972: [INFO][SyncManagerImpl::ConfigureSyncer] Types to download: Bookmarks, Encryption Keys with reason: 5
2026-05-06 03:48:20.973: [INFO][SyncSchedulerImpl::DoConfigurationSyncCycleJob] Blocked types:  and types to download: Bookmarks, Encryption Keys
2026-05-06 03:48:21.515: [INFO][SyncEngineBackend::DoFinishConfigureDataTypes] Failed to download types:  and succeeded types: Bookmarks, Encryption Keys
2026-05-06 03:48:21.566: [INFO][Sync] ConfigurationDone, failed: , succeeded: Bookmarks, Encryption Keys, remaining count: 2
2026-05-06 03:48:21.566: [INFO][SyncManagerImpl::ConfigureSyncer] Types to download:  with reason: 5
2026-05-06 03:48:21.566: [INFO][SyncEngineBackend::DoFinishConfigureDataTypes] Failed to download types:  and succeeded types: 
2026-05-06 03:48:21.566: [INFO][Sync] ConfigurationDone, failed: , succeeded: , remaining count: 1
2026-05-06 03:48:21.571: [INFO][SyncManagerImpl::ConfigureSyncer] Types to download:  with reason: 5
2026-05-06 03:48:21.571: [INFO][SyncEngineBackend::DoFinishConfigureDataTypes] Failed to download types:  and succeeded types: 
2026-05-06 03:48:21.590: [INFO][Sync] ConfigurationDone, failed: , succeeded: , remaining count: 0
2026-05-06 03:48:21.592: [INFO][Sync]     Configuration completed, state: 7
2026-05-06 03:48:21.594: [INFO][Sync] Configured DataTypeManager: Ok
2026-05-06 03:48:21.600: [INFO][SyncEngineBackend::DoStartSyncing] Start syncing
2026-05-06 03:57:00.390: [INFO][Sync] Reset engine, reason: 0
2026-05-06 03:57:00.390: [INFO][Sync] Reset engine with reason: 0
